---
http_interactions:
- request:
    method: head
    uri: http://localhost:9200/test_users
    body:
      encoding: US-ASCII
      string: ''
    headers:
      User-Agent:
      - Faraday v0.9.0
      Accept:
      - "*/*"
  response:
    status:
      code: 200
      message: OK
    headers:
      Content-Type:
      - text/plain; charset=UTF-8
      Content-Length:
      - '0'
    body:
      encoding: UTF-8
      string: ''
    http_version: 
  recorded_at: Wed, 01 Oct 2014 16:16:51 GMT
- request:
    method: post
    uri: http://localhost:9200/test_users/user/_bulk?refresh=true&type=user
    body:
      encoding: UTF-8
      string: |
        {"index":{"_id":1}}
        {"username":"username_773","email":"","updated_at":"2014-10-01T16:16:51.602Z","created_at":"2014-10-01T16:16:51.602Z"}
    headers:
      User-Agent:
      - Faraday v0.9.0
      Accept-Encoding:
      - gzip;q=1.0,deflate;q=0.6,identity;q=0.3
      Accept:
      - "*/*"
  response:
    status:
      code: 200
      message: OK
    headers:
      Content-Type:
      - application/json; charset=UTF-8
      Content-Length:
      - '120'
    body:
      encoding: UTF-8
      string: '{"took":7,"errors":false,"items":[{"index":{"_index":"test_users","_type":"user","_id":"1","_version":1,"status":201}}]}'
    http_version: 
  recorded_at: Wed, 01 Oct 2014 16:16:51 GMT
- request:
    method: head
    uri: http://localhost:9200/test_users
    body:
      encoding: US-ASCII
      string: ''
    headers:
      User-Agent:
      - Faraday v0.9.0
      Accept:
      - "*/*"
  response:
    status:
      code: 200
      message: OK
    headers:
      Content-Type:
      - text/plain; charset=UTF-8
      Content-Length:
      - '0'
    body:
      encoding: UTF-8
      string: ''
    http_version: 
  recorded_at: Wed, 01 Oct 2014 16:16:51 GMT
- request:
    method: post
    uri: http://localhost:9200/test_users/user/_bulk?refresh=true&type=user
    body:
      encoding: UTF-8
      string: |
        {"index":{"_id":2}}
        {"username":"username_774","email":"user_91@example.com","updated_at":"2014-10-01T16:16:51.602Z","created_at":"2014-10-01T16:16:51.602Z"}
    headers:
      User-Agent:
      - Faraday v0.9.0
      Accept-Encoding:
      - gzip;q=1.0,deflate;q=0.6,identity;q=0.3
      Accept:
      - "*/*"
  response:
    status:
      code: 200
      message: OK
    headers:
      Content-Type:
      - application/json; charset=UTF-8
      Content-Length:
      - '120'
    body:
      encoding: UTF-8
      string: '{"took":7,"errors":false,"items":[{"index":{"_index":"test_users","_type":"user","_id":"2","_version":1,"status":201}}]}'
    http_version: 
  recorded_at: Wed, 01 Oct 2014 16:16:51 GMT
- request:
    method: head
    uri: http://localhost:9200/test_policies
    body:
      encoding: US-ASCII
      string: ''
    headers:
      User-Agent:
      - Faraday v0.9.0
      Accept:
      - "*/*"
  response:
    status:
      code: 200
      message: OK
    headers:
      Content-Type:
      - text/plain; charset=UTF-8
      Content-Length:
      - '0'
    body:
      encoding: UTF-8
      string: ''
    http_version: 
  recorded_at: Wed, 01 Oct 2014 16:16:51 GMT
- request:
    method: post
    uri: http://localhost:9200/test_policies/policy/_bulk?refresh=true&type=policy
    body:
      encoding: UTF-8
      string: |
        {"index":{"_id":1}}
        {"title":"engage distributed metrics","description":"Austin brunch blog quinoa jean shorts. Dreamcatcher cardigan locavore butcher scenester tattooed keffiyeh. Art vinyl locavore mustache bicycle rights echo park helvetica sustainable you probably haven't heard of them. Farm-to-table keytar whatever raw denim high life art helvetica beard. Gluten-free messenger bag sartorial thundercats wolf mlkshk.","submitter_id":2,"state":"rejected","category":"development","cached_votes_score":0,"tags":["trivial","discussion","rfc"],"updated_at":"2014-10-01T16:16:51.602Z","created_at":"2014-10-01T16:16:51.602Z"}
    headers:
      User-Agent:
      - Faraday v0.9.0
      Accept-Encoding:
      - gzip;q=1.0,deflate;q=0.6,identity;q=0.3
      Accept:
      - "*/*"
  response:
    status:
      code: 200
      message: OK
    headers:
      Content-Type:
      - application/json; charset=UTF-8
      Content-Length:
      - '125'
    body:
      encoding: UTF-8
      string: '{"took":6,"errors":false,"items":[{"index":{"_index":"test_policies","_type":"policy","_id":"1","_version":1,"status":201}}]}'
    http_version: 
  recorded_at: Wed, 01 Oct 2014 16:16:51 GMT
- request:
    method: head
    uri: http://localhost:9200/test_tags
    body:
      encoding: US-ASCII
      string: ''
    headers:
      User-Agent:
      - Faraday v0.9.0
      Accept:
      - "*/*"
  response:
    status:
      code: 200
      message: OK
    headers:
      Content-Type:
      - text/plain; charset=UTF-8
      Content-Length:
      - '0'
    body:
      encoding: UTF-8
      string: ''
    http_version: 
  recorded_at: Wed, 01 Oct 2014 16:16:51 GMT
- request:
    method: post
    uri: http://localhost:9200/test_tags/tag/_bulk?refresh=true&type=tag
    body:
      encoding: UTF-8
      string: |
        {"index":{"_id":1}}
        {"name":"rfc"}
        {"index":{"_id":2}}
        {"name":"discussion"}
        {"index":{"_id":3}}
        {"name":"trivial"}
    headers:
      User-Agent:
      - Faraday v0.9.0
      Accept-Encoding:
      - gzip;q=1.0,deflate;q=0.6,identity;q=0.3
      Accept:
      - "*/*"
  response:
    status:
      code: 200
      message: OK
    headers:
      Content-Type:
      - application/json; charset=UTF-8
      Content-Length:
      - '286'
    body:
      encoding: UTF-8
      string: '{"took":114,"errors":false,"items":[{"index":{"_index":"test_tags","_type":"tag","_id":"1","_version":1,"status":201}},{"index":{"_index":"test_tags","_type":"tag","_id":"2","_version":1,"status":201}},{"index":{"_index":"test_tags","_type":"tag","_id":"3","_version":1,"status":201}}]}'
    http_version: 
  recorded_at: Wed, 01 Oct 2014 16:16:51 GMT
- request:
    method: head
    uri: http://localhost:9200/test_policies
    body:
      encoding: US-ASCII
      string: ''
    headers:
      User-Agent:
      - Faraday v0.9.0
      Accept:
      - "*/*"
  response:
    status:
      code: 200
      message: OK
    headers:
      Content-Type:
      - text/plain; charset=UTF-8
      Content-Length:
      - '0'
    body:
      encoding: UTF-8
      string: ''
    http_version: 
  recorded_at: Wed, 01 Oct 2014 16:16:51 GMT
- request:
    method: post
    uri: http://localhost:9200/test_policies/policy/_bulk?refresh=true&type=policy
    body:
      encoding: UTF-8
      string: |
        {"index":{"_id":1}}
        {"title":"engage distributed metrics","description":"Austin brunch blog quinoa jean shorts. Dreamcatcher cardigan locavore butcher scenester tattooed keffiyeh. Art vinyl locavore mustache bicycle rights echo park helvetica sustainable you probably haven't heard of them. Farm-to-table keytar whatever raw denim high life art helvetica beard. Gluten-free messenger bag sartorial thundercats wolf mlkshk.","submitter_id":2,"state":"rejected","category":"development","cached_votes_score":1,"tags":["trivial","discussion","rfc"],"updated_at":"2014-10-01T16:16:51.602Z","created_at":"2014-10-01T16:16:51.602Z"}
    headers:
      User-Agent:
      - Faraday v0.9.0
      Accept-Encoding:
      - gzip;q=1.0,deflate;q=0.6,identity;q=0.3
      Accept:
      - "*/*"
  response:
    status:
      code: 200
      message: OK
    headers:
      Content-Type:
      - application/json; charset=UTF-8
      Content-Length:
      - '125'
    body:
      encoding: UTF-8
      string: '{"took":7,"errors":false,"items":[{"index":{"_index":"test_policies","_type":"policy","_id":"1","_version":2,"status":200}}]}'
    http_version: 
  recorded_at: Wed, 01 Oct 2014 16:16:51 GMT
- request:
    method: head
    uri: http://localhost:9200/test_tags
    body:
      encoding: US-ASCII
      string: ''
    headers:
      User-Agent:
      - Faraday v0.9.0
      Accept:
      - "*/*"
  response:
    status:
      code: 200
      message: OK
    headers:
      Content-Type:
      - text/plain; charset=UTF-8
      Content-Length:
      - '0'
    body:
      encoding: UTF-8
      string: ''
    http_version: 
  recorded_at: Wed, 01 Oct 2014 16:16:51 GMT
- request:
    method: post
    uri: http://localhost:9200/test_tags/tag/_bulk?refresh=true&type=tag
    body:
      encoding: UTF-8
      string: |
        {"index":{"_id":1}}
        {"name":"rfc"}
        {"index":{"_id":2}}
        {"name":"discussion"}
        {"index":{"_id":3}}
        {"name":"trivial"}
    headers:
      User-Agent:
      - Faraday v0.9.0
      Accept-Encoding:
      - gzip;q=1.0,deflate;q=0.6,identity;q=0.3
      Accept:
      - "*/*"
  response:
    status:
      code: 200
      message: OK
    headers:
      Content-Type:
      - application/json; charset=UTF-8
      Content-Length:
      - '285'
    body:
      encoding: UTF-8
      string: '{"took":14,"errors":false,"items":[{"index":{"_index":"test_tags","_type":"tag","_id":"1","_version":2,"status":200}},{"index":{"_index":"test_tags","_type":"tag","_id":"2","_version":2,"status":200}},{"index":{"_index":"test_tags","_type":"tag","_id":"3","_version":2,"status":200}}]}'
    http_version: 
  recorded_at: Wed, 01 Oct 2014 16:16:51 GMT
recorded_with: VCR 2.9.2
