---
http_interactions:
- request:
    method: head
    uri: http://localhost:9200/test_users
    body:
      encoding: US-ASCII
      string: ''
    headers:
      User-Agent:
      - Faraday v0.9.0
      Accept:
      - "*/*"
  response:
    status:
      code: 200
      message: OK
    headers:
      Content-Type:
      - text/plain; charset=UTF-8
      Content-Length:
      - '0'
    body:
      encoding: UTF-8
      string: ''
    http_version: 
  recorded_at: Wed, 01 Oct 2014 16:17:51 GMT
- request:
    method: post
    uri: http://localhost:9200/test_users/user/_bulk?refresh=true&type=user
    body:
      encoding: UTF-8
      string: |
        {"index":{"_id":1}}
        {"username":"username_840","email":"user_126@example.com","updated_at":"2014-10-01T16:17:51.520Z","created_at":"2014-10-01T16:17:51.520Z"}
    headers:
      User-Agent:
      - Faraday v0.9.0
      Accept-Encoding:
      - gzip;q=1.0,deflate;q=0.6,identity;q=0.3
      Accept:
      - "*/*"
  response:
    status:
      code: 200
      message: OK
    headers:
      Content-Type:
      - application/json; charset=UTF-8
      Content-Length:
      - '120'
    body:
      encoding: UTF-8
      string: '{"took":6,"errors":false,"items":[{"index":{"_index":"test_users","_type":"user","_id":"1","_version":1,"status":201}}]}'
    http_version: 
  recorded_at: Wed, 01 Oct 2014 16:17:51 GMT
- request:
    method: head
    uri: http://localhost:9200/test_policies
    body:
      encoding: US-ASCII
      string: ''
    headers:
      User-Agent:
      - Faraday v0.9.0
      Accept:
      - "*/*"
  response:
    status:
      code: 200
      message: OK
    headers:
      Content-Type:
      - text/plain; charset=UTF-8
      Content-Length:
      - '0'
    body:
      encoding: UTF-8
      string: ''
    http_version: 
  recorded_at: Wed, 01 Oct 2014 16:17:51 GMT
- request:
    method: post
    uri: http://localhost:9200/test_policies/policy/_bulk?refresh=true&type=policy
    body:
      encoding: UTF-8
      string: |
        {"index":{"_id":1}}
        {"title":"transform cross-media e-commerce","description":"Fixie DIY viral food truck dreamcatcher scenester. Cliche +1 master cleanse Rerry Richardson irony high life vice. Helvetica Austin quinoa iPhone readymade 8-bit art Shoreditch. Food truck tattooed squid PBR craft beer.","submitter_id":1,"state":"proposition","category":"business","cached_votes_score":0,"tags":["discussion","rfc","priority"],"updated_at":"2014-10-01T16:17:51.550Z","created_at":"2014-10-01T16:17:51.550Z"}
    headers:
      User-Agent:
      - Faraday v0.9.0
      Accept-Encoding:
      - gzip;q=1.0,deflate;q=0.6,identity;q=0.3
      Accept:
      - "*/*"
  response:
    status:
      code: 200
      message: OK
    headers:
      Content-Type:
      - application/json; charset=UTF-8
      Content-Length:
      - '126'
    body:
      encoding: UTF-8
      string: '{"took":24,"errors":false,"items":[{"index":{"_index":"test_policies","_type":"policy","_id":"1","_version":1,"status":201}}]}'
    http_version: 
  recorded_at: Wed, 01 Oct 2014 16:17:51 GMT
- request:
    method: head
    uri: http://localhost:9200/test_tags
    body:
      encoding: US-ASCII
      string: ''
    headers:
      User-Agent:
      - Faraday v0.9.0
      Accept:
      - "*/*"
  response:
    status:
      code: 200
      message: OK
    headers:
      Content-Type:
      - text/plain; charset=UTF-8
      Content-Length:
      - '0'
    body:
      encoding: UTF-8
      string: ''
    http_version: 
  recorded_at: Wed, 01 Oct 2014 16:17:51 GMT
- request:
    method: post
    uri: http://localhost:9200/test_tags/tag/_bulk?refresh=true&type=tag
    body:
      encoding: UTF-8
      string: |
        {"index":{"_id":1}}
        {"name":"priority"}
        {"index":{"_id":2}}
        {"name":"rfc"}
        {"index":{"_id":3}}
        {"name":"discussion"}
    headers:
      User-Agent:
      - Faraday v0.9.0
      Accept-Encoding:
      - gzip;q=1.0,deflate;q=0.6,identity;q=0.3
      Accept:
      - "*/*"
  response:
    status:
      code: 200
      message: OK
    headers:
      Content-Type:
      - application/json; charset=UTF-8
      Content-Length:
      - '285'
    body:
      encoding: UTF-8
      string: '{"took":13,"errors":false,"items":[{"index":{"_index":"test_tags","_type":"tag","_id":"1","_version":1,"status":201}},{"index":{"_index":"test_tags","_type":"tag","_id":"2","_version":1,"status":201}},{"index":{"_index":"test_tags","_type":"tag","_id":"3","_version":1,"status":201}}]}'
    http_version: 
  recorded_at: Wed, 01 Oct 2014 16:17:51 GMT
- request:
    method: head
    uri: http://localhost:9200/test_users
    body:
      encoding: US-ASCII
      string: ''
    headers:
      User-Agent:
      - Faraday v0.9.0
      Accept:
      - "*/*"
  response:
    status:
      code: 200
      message: OK
    headers:
      Content-Type:
      - text/plain; charset=UTF-8
      Content-Length:
      - '0'
    body:
      encoding: UTF-8
      string: ''
    http_version: 
  recorded_at: Wed, 01 Oct 2014 16:17:51 GMT
- request:
    method: post
    uri: http://localhost:9200/test_users/user/_bulk?refresh=true&type=user
    body:
      encoding: UTF-8
      string: |
        {"index":{"_id":2}}
        {"username":"username_841","email":"user_127@example.com","updated_at":"2014-10-01T16:17:51.665Z","created_at":"2014-10-01T16:17:51.665Z"}
    headers:
      User-Agent:
      - Faraday v0.9.0
      Accept-Encoding:
      - gzip;q=1.0,deflate;q=0.6,identity;q=0.3
      Accept:
      - "*/*"
  response:
    status:
      code: 200
      message: OK
    headers:
      Content-Type:
      - application/json; charset=UTF-8
      Content-Length:
      - '120'
    body:
      encoding: UTF-8
      string: '{"took":7,"errors":false,"items":[{"index":{"_index":"test_users","_type":"user","_id":"2","_version":1,"status":201}}]}'
    http_version: 
  recorded_at: Wed, 01 Oct 2014 16:17:51 GMT
- request:
    method: head
    uri: http://localhost:9200/test_policies
    body:
      encoding: US-ASCII
      string: ''
    headers:
      User-Agent:
      - Faraday v0.9.0
      Accept:
      - "*/*"
  response:
    status:
      code: 200
      message: OK
    headers:
      Content-Type:
      - text/plain; charset=UTF-8
      Content-Length:
      - '0'
    body:
      encoding: UTF-8
      string: ''
    http_version: 
  recorded_at: Wed, 01 Oct 2014 16:17:51 GMT
- request:
    method: post
    uri: http://localhost:9200/test_policies/policy/_bulk?refresh=true&type=policy
    body:
      encoding: UTF-8
      string: |
        {"index":{"_id":2}}
        {"title":"embrace end-to-end e-tailers","description":"Marfa put a bird on it salvia keytar tumblr chambray. Photo booth vegan craft beer squid synth messenger bag. Wes anderson art bicycle rights moon PBR wolf viral scenester. Tofu dreamcatcher you probably haven't heard of them viral biodiesel seitan Pitchfork Brooklyn.","submitter_id":2,"state":"rejected","category":"business","cached_votes_score":0,"tags":["trivial","important","rfc"],"updated_at":"2014-10-01T16:17:51.697Z","created_at":"2014-10-01T16:17:51.697Z"}
    headers:
      User-Agent:
      - Faraday v0.9.0
      Accept-Encoding:
      - gzip;q=1.0,deflate;q=0.6,identity;q=0.3
      Accept:
      - "*/*"
  response:
    status:
      code: 200
      message: OK
    headers:
      Content-Type:
      - application/json; charset=UTF-8
      Content-Length:
      - '125'
    body:
      encoding: UTF-8
      string: '{"took":6,"errors":false,"items":[{"index":{"_index":"test_policies","_type":"policy","_id":"2","_version":1,"status":201}}]}'
    http_version: 
  recorded_at: Wed, 01 Oct 2014 16:17:51 GMT
- request:
    method: head
    uri: http://localhost:9200/test_tags
    body:
      encoding: US-ASCII
      string: ''
    headers:
      User-Agent:
      - Faraday v0.9.0
      Accept:
      - "*/*"
  response:
    status:
      code: 200
      message: OK
    headers:
      Content-Type:
      - text/plain; charset=UTF-8
      Content-Length:
      - '0'
    body:
      encoding: UTF-8
      string: ''
    http_version: 
  recorded_at: Wed, 01 Oct 2014 16:17:51 GMT
- request:
    method: post
    uri: http://localhost:9200/test_tags/tag/_bulk?refresh=true&type=tag
    body:
      encoding: UTF-8
      string: |
        {"index":{"_id":2}}
        {"name":"rfc"}
        {"index":{"_id":4}}
        {"name":"important"}
        {"index":{"_id":5}}
        {"name":"trivial"}
    headers:
      User-Agent:
      - Faraday v0.9.0
      Accept-Encoding:
      - gzip;q=1.0,deflate;q=0.6,identity;q=0.3
      Accept:
      - "*/*"
  response:
    status:
      code: 200
      message: OK
    headers:
      Content-Type:
      - application/json; charset=UTF-8
      Content-Length:
      - '285'
    body:
      encoding: UTF-8
      string: '{"took":12,"errors":false,"items":[{"index":{"_index":"test_tags","_type":"tag","_id":"2","_version":2,"status":200}},{"index":{"_index":"test_tags","_type":"tag","_id":"4","_version":1,"status":201}},{"index":{"_index":"test_tags","_type":"tag","_id":"5","_version":1,"status":201}}]}'
    http_version: 
  recorded_at: Wed, 01 Oct 2014 16:17:51 GMT
- request:
    method: head
    uri: http://localhost:9200/test_users
    body:
      encoding: US-ASCII
      string: ''
    headers:
      User-Agent:
      - Faraday v0.9.0
      Accept:
      - "*/*"
  response:
    status:
      code: 200
      message: OK
    headers:
      Content-Type:
      - text/plain; charset=UTF-8
      Content-Length:
      - '0'
    body:
      encoding: UTF-8
      string: ''
    http_version: 
  recorded_at: Wed, 01 Oct 2014 16:17:51 GMT
- request:
    method: post
    uri: http://localhost:9200/test_users/user/_bulk?refresh=true&type=user
    body:
      encoding: UTF-8
      string: |
        {"index":{"_id":3}}
        {"username":"username_842","email":"admin_111@example.com","updated_at":"2014-10-01T16:17:51.780Z","created_at":"2014-10-01T16:17:51.780Z"}
    headers:
      User-Agent:
      - Faraday v0.9.0
      Accept-Encoding:
      - gzip;q=1.0,deflate;q=0.6,identity;q=0.3
      Accept:
      - "*/*"
  response:
    status:
      code: 200
      message: OK
    headers:
      Content-Type:
      - application/json; charset=UTF-8
      Content-Length:
      - '120'
    body:
      encoding: UTF-8
      string: '{"took":6,"errors":false,"items":[{"index":{"_index":"test_users","_type":"user","_id":"3","_version":1,"status":201}}]}'
    http_version: 
  recorded_at: Wed, 01 Oct 2014 16:17:51 GMT
- request:
    method: get
    uri: http://localhost:9200/test_policies/policy/_search
    body:
      encoding: UTF-8
      string: '{"facets":{"category":{"terms":{"field":"category"}},"state":{"terms":{"field":"state"}}},"sort":[{"cached_votes_score":"desc"}]}'
    headers:
      User-Agent:
      - Faraday v0.9.0
      Accept-Encoding:
      - gzip;q=1.0,deflate;q=0.6,identity;q=0.3
      Accept:
      - "*/*"
  response:
    status:
      code: 200
      message: OK
    headers:
      Content-Type:
      - application/json; charset=UTF-8
      Content-Length:
      - '1556'
    body:
      encoding: UTF-8
      string: '{"took":3,"timed_out":false,"_shards":{"total":5,"successful":5,"failed":0},"hits":{"total":2,"max_score":null,"hits":[{"_index":"test_policies","_type":"policy","_id":"1","_score":null,
        "_source" : {"title":"transform cross-media e-commerce","description":"Fixie
        DIY viral food truck dreamcatcher scenester. Cliche +1 master cleanse Rerry
        Richardson irony high life vice. Helvetica Austin quinoa iPhone readymade
        8-bit art Shoreditch. Food truck tattooed squid PBR craft beer.","submitter_id":1,"state":"proposition","category":"business","cached_votes_score":0,"tags":["discussion","rfc","priority"],"updated_at":"2014-10-01T16:17:51.550Z","created_at":"2014-10-01T16:17:51.550Z"},"sort":[0]},{"_index":"test_policies","_type":"policy","_id":"2","_score":null,
        "_source" : {"title":"embrace end-to-end e-tailers","description":"Marfa put
        a bird on it salvia keytar tumblr chambray. Photo booth vegan craft beer squid
        synth messenger bag. Wes anderson art bicycle rights moon PBR wolf viral scenester.
        Tofu dreamcatcher you probably haven''t heard of them viral biodiesel seitan
        Pitchfork Brooklyn.","submitter_id":2,"state":"rejected","category":"business","cached_votes_score":0,"tags":["trivial","important","rfc"],"updated_at":"2014-10-01T16:17:51.697Z","created_at":"2014-10-01T16:17:51.697Z"},"sort":[0]}]},"facets":{"category":{"_type":"terms","missing":0,"total":2,"other":0,"terms":[{"term":"business","count":2}]},"state":{"_type":"terms","missing":0,"total":2,"other":0,"terms":[{"term":"rejected","count":1},{"term":"proposition","count":1}]}}}'
    http_version: 
  recorded_at: Wed, 01 Oct 2014 16:17:51 GMT
- request:
    method: get
    uri: http://localhost:9200/test_policies/policy/_search
    body:
      encoding: UTF-8
      string: '{"facets":{"category":{"terms":{"field":"category"}},"state":{"terms":{"field":"state"}}},"sort":[{"cached_votes_score":"desc"}]}'
    headers:
      User-Agent:
      - Faraday v0.9.0
      Accept-Encoding:
      - gzip;q=1.0,deflate;q=0.6,identity;q=0.3
      Accept:
      - "*/*"
  response:
    status:
      code: 200
      message: OK
    headers:
      Content-Type:
      - application/json; charset=UTF-8
      Content-Length:
      - '1556'
    body:
      encoding: UTF-8
      string: '{"took":1,"timed_out":false,"_shards":{"total":5,"successful":5,"failed":0},"hits":{"total":2,"max_score":null,"hits":[{"_index":"test_policies","_type":"policy","_id":"1","_score":null,
        "_source" : {"title":"transform cross-media e-commerce","description":"Fixie
        DIY viral food truck dreamcatcher scenester. Cliche +1 master cleanse Rerry
        Richardson irony high life vice. Helvetica Austin quinoa iPhone readymade
        8-bit art Shoreditch. Food truck tattooed squid PBR craft beer.","submitter_id":1,"state":"proposition","category":"business","cached_votes_score":0,"tags":["discussion","rfc","priority"],"updated_at":"2014-10-01T16:17:51.550Z","created_at":"2014-10-01T16:17:51.550Z"},"sort":[0]},{"_index":"test_policies","_type":"policy","_id":"2","_score":null,
        "_source" : {"title":"embrace end-to-end e-tailers","description":"Marfa put
        a bird on it salvia keytar tumblr chambray. Photo booth vegan craft beer squid
        synth messenger bag. Wes anderson art bicycle rights moon PBR wolf viral scenester.
        Tofu dreamcatcher you probably haven''t heard of them viral biodiesel seitan
        Pitchfork Brooklyn.","submitter_id":2,"state":"rejected","category":"business","cached_votes_score":0,"tags":["trivial","important","rfc"],"updated_at":"2014-10-01T16:17:51.697Z","created_at":"2014-10-01T16:17:51.697Z"},"sort":[0]}]},"facets":{"category":{"_type":"terms","missing":0,"total":2,"other":0,"terms":[{"term":"business","count":2}]},"state":{"_type":"terms","missing":0,"total":2,"other":0,"terms":[{"term":"rejected","count":1},{"term":"proposition","count":1}]}}}'
    http_version: 
  recorded_at: Wed, 01 Oct 2014 16:17:51 GMT
- request:
    method: get
    uri: http://localhost:9200/test_policies/policy/_search
    body:
      encoding: UTF-8
      string: '{"facets":{"category":{"terms":{"field":"category"}},"state":{"terms":{"field":"state"}}},"sort":[{"cached_votes_score":"desc"}]}'
    headers:
      User-Agent:
      - Faraday v0.9.0
      Accept-Encoding:
      - gzip;q=1.0,deflate;q=0.6,identity;q=0.3
      Accept:
      - "*/*"
  response:
    status:
      code: 200
      message: OK
    headers:
      Content-Type:
      - application/json; charset=UTF-8
      Content-Length:
      - '1556'
    body:
      encoding: UTF-8
      string: '{"took":2,"timed_out":false,"_shards":{"total":5,"successful":5,"failed":0},"hits":{"total":2,"max_score":null,"hits":[{"_index":"test_policies","_type":"policy","_id":"1","_score":null,
        "_source" : {"title":"transform cross-media e-commerce","description":"Fixie
        DIY viral food truck dreamcatcher scenester. Cliche +1 master cleanse Rerry
        Richardson irony high life vice. Helvetica Austin quinoa iPhone readymade
        8-bit art Shoreditch. Food truck tattooed squid PBR craft beer.","submitter_id":1,"state":"proposition","category":"business","cached_votes_score":0,"tags":["discussion","rfc","priority"],"updated_at":"2014-10-01T16:17:51.550Z","created_at":"2014-10-01T16:17:51.550Z"},"sort":[0]},{"_index":"test_policies","_type":"policy","_id":"2","_score":null,
        "_source" : {"title":"embrace end-to-end e-tailers","description":"Marfa put
        a bird on it salvia keytar tumblr chambray. Photo booth vegan craft beer squid
        synth messenger bag. Wes anderson art bicycle rights moon PBR wolf viral scenester.
        Tofu dreamcatcher you probably haven''t heard of them viral biodiesel seitan
        Pitchfork Brooklyn.","submitter_id":2,"state":"rejected","category":"business","cached_votes_score":0,"tags":["trivial","important","rfc"],"updated_at":"2014-10-01T16:17:51.697Z","created_at":"2014-10-01T16:17:51.697Z"},"sort":[0]}]},"facets":{"category":{"_type":"terms","missing":0,"total":2,"other":0,"terms":[{"term":"business","count":2}]},"state":{"_type":"terms","missing":0,"total":2,"other":0,"terms":[{"term":"rejected","count":1},{"term":"proposition","count":1}]}}}'
    http_version: 
  recorded_at: Wed, 01 Oct 2014 16:17:51 GMT
recorded_with: VCR 2.9.2
